15:48:37 **** Incremental Build of configuration Debug for project PoLiNoM ****
make -j20 all 
arm-none-eabi-size  PoLiNoM.elf 
   text	   data	    bss	    dec	    hex	filename
  41132	    476	   8980	  50588	   c59c	PoLiNoM.elf
Finished building: default.size.stdout
 
15:48:41 **** Incremental Build of configuration Debug for project PoLiNoM ****
make -j20 all 
arm-none-eabi-size  PoLiNoM.elf 
   text	   data	    bss	    dec	    hex	filename
  41132	    476	   8980	  50588	   c59c	PoLiNoM.elf
Finished building: default.size.stdout
 
15:57:04 **** Incremental Build of configuration Debug for project PoLiNoM ****
make -j20 all 
arm-none-eabi-size  PoLiNoM.elf 
   text	   data	    bss	    dec	    hex	filename
  41132	    476	   8980	  50588	   c59c	PoLiNoM.elf
Finished building: default.size.stdout
 
