2026-01-04 15:01:17,948 [INFO] Activator:176 - 


2026-01-04 15:01:17,948 [INFO] Activator:177 - !SESSION log4j initialized
2026-01-04 15:01:22,544 [INFO] LogOutputStream:77 - [STDOUT_REDIRECT] 
2026-01-04 15:01:28,564 [INFO] ApplicationProperties:184 - Using Application install path: C:\ST\STM32CubeIDE_1.19.0\STM32CubeIDE\plugins\com.st.stm32cube.common.mx_6.15.0.202507011659
2026-01-04 15:01:28,579 [INFO] DbMcusXml:78 - Set database path to: C:\ST\STM32CubeIDE_1.19.0\STM32CubeIDE\plugins\com.st.stm32cube.common.mx_6.15.0.202507011659\\db\/mcu/
2026-01-04 15:01:28,579 [INFO] ApiDb:274 - Set plugin database path to: C:\ST\STM32CubeIDE_1.19.0\STM32CubeIDE\plugins\com.st.stm32cube.common.mx_6.15.0.202507011659\\db\/plugins/boardmanager/
2026-01-04 15:01:28,579 [WARN] ApiDb:259 - Overriding images path with different value:  => C:\ST\STM32CubeIDE_1.19.0\STM32CubeIDE\plugins\com.st.stm32cube.common.mx_6.15.0.202507011659\\db\/plugins/mcufinder/images/
2026-01-04 15:01:28,585 [INFO] ApiDb:250 - Set database path to: C:\Users\Fabio Marçal\.stmcufinder\plugins\mcufinder//mcu/
2026-01-04 15:01:28,586 [INFO] DbMcusAds:125 - Set database path to: C:\Users\Fabio Marçal\.stmcufinder\plugins\mcufinder//mcu/
2026-01-04 15:01:28,589 [INFO] CrossReferenceDbSqlite:203 - Set database path to: C:\Users\Fabio Marçal\.stmcufinder\plugins\mcufinder//mcu/cs/
2026-01-04 15:01:28,687 [INFO] RulesReader:64 - Compatibility file has been processed (317 Rules)
2026-01-04 15:01:28,761 [INFO] DbMcusXml:78 - Set database path to: C:\ST\STM32CubeIDE_1.19.0\STM32CubeIDE\plugins\com.st.stm32cube.common.mx_6.15.0.202507011659\\db\/mcu/
2026-01-04 15:01:28,761 [INFO] ApiDb:274 - Set plugin database path to: C:\ST\STM32CubeIDE_1.19.0\STM32CubeIDE\plugins\com.st.stm32cube.common.mx_6.15.0.202507011659\\db\/plugins/boardmanager/
2026-01-04 15:01:28,761 [INFO] ApiDb:261 - Set plugin images path to: C:\ST\STM32CubeIDE_1.19.0\STM32CubeIDE\plugins\com.st.stm32cube.common.mx_6.15.0.202507011659\\db\/plugins/mcufinder/images/
2026-01-04 15:01:28,761 [WARN] DbFile:41 - Overriding database path with different value: C:\Users\Fabio Marçal\.stmcufinder\plugins\mcufinder/ => C:\Users\Fabio Marçal\.stmcufinder\plugins\mcufinder
2026-01-04 15:01:28,761 [INFO] ApiDb:250 - Set database path to: C:\Users\Fabio Marçal\.stmcufinder\plugins\mcufinder//mcu/
2026-01-04 15:01:28,762 [WARN] DbFile:41 - Overriding database path with different value: C:\Users\Fabio Marçal\.stmcufinder\plugins\mcufinder/ => C:\Users\Fabio Marçal\.stmcufinder\plugins\mcufinder
2026-01-04 15:01:28,762 [INFO] DbMcusAds:125 - Set database path to: C:\Users\Fabio Marçal\.stmcufinder\plugins\mcufinder//mcu/
2026-01-04 15:01:28,762 [WARN] DbFile:41 - Overriding database path with different value: C:\Users\Fabio Marçal\.stmcufinder\plugins\mcufinder/ => C:\Users\Fabio Marçal\.stmcufinder\plugins\mcufinder
2026-01-04 15:01:28,762 [WARN] DbFile:41 - Overriding database path with different value: C:\Users\Fabio Marçal\.stmcufinder\plugins\mcufinder/ => C:\Users\Fabio Marçal\.stmcufinder\plugins\mcufinder
2026-01-04 15:01:28,762 [INFO] CrossReferenceDbSqlite:203 - Set database path to: C:\Users\Fabio Marçal\.stmcufinder\plugins\mcufinder//mcu/cs/
2026-01-04 15:01:28,831 [INFO] MainPanel:274 - HeapMemory: 268435456
2026-01-04 15:01:28,924 [INFO] DbMcusXml:78 - Set database path to: C:\ST\STM32CubeIDE_1.19.0\STM32CubeIDE\plugins\com.st.stm32cube.common.mx_6.15.0.202507011659\\db\/mcu/
2026-01-04 15:01:28,924 [INFO] ApiDb:274 - Set plugin database path to: C:\ST\STM32CubeIDE_1.19.0\STM32CubeIDE\plugins\com.st.stm32cube.common.mx_6.15.0.202507011659\\db\/plugins/boardmanager/
2026-01-04 15:01:28,924 [INFO] ApiDb:261 - Set plugin images path to: C:\ST\STM32CubeIDE_1.19.0\STM32CubeIDE\plugins\com.st.stm32cube.common.mx_6.15.0.202507011659\\db\/plugins/mcufinder/images/
2026-01-04 15:01:28,924 [WARN] DbFile:41 - Overriding database path with different value: C:\Users\Fabio Marçal\.stmcufinder\plugins\mcufinder/ => C:\Users\Fabio Marçal\.stmcufinder\plugins\mcufinder
2026-01-04 15:01:28,924 [INFO] ApiDb:250 - Set database path to: C:\Users\Fabio Marçal\.stmcufinder\plugins\mcufinder//mcu/
2026-01-04 15:01:28,924 [WARN] DbFile:41 - Overriding database path with different value: C:\Users\Fabio Marçal\.stmcufinder\plugins\mcufinder/ => C:\Users\Fabio Marçal\.stmcufinder\plugins\mcufinder
2026-01-04 15:01:28,925 [INFO] DbMcusAds:125 - Set database path to: C:\Users\Fabio Marçal\.stmcufinder\plugins\mcufinder//mcu/
2026-01-04 15:01:28,925 [WARN] DbFile:41 - Overriding database path with different value: C:\Users\Fabio Marçal\.stmcufinder\plugins\mcufinder/ => C:\Users\Fabio Marçal\.stmcufinder\plugins\mcufinder
2026-01-04 15:01:28,925 [WARN] DbFile:41 - Overriding database path with different value: C:\Users\Fabio Marçal\.stmcufinder\plugins\mcufinder/ => C:\Users\Fabio Marçal\.stmcufinder\plugins\mcufinder
2026-01-04 15:01:28,925 [INFO] CrossReferenceDbSqlite:203 - Set database path to: C:\Users\Fabio Marçal\.stmcufinder\plugins\mcufinder//mcu/cs/
2026-01-04 15:01:28,940 [INFO] ApplicationProperties:184 - Using Application install path: C:\ST\STM32CubeIDE_1.19.0\STM32CubeIDE\plugins\com.st.stm32cube.common.mx_6.15.0.202507011659
2026-01-04 15:01:28,942 [INFO] PluginManage:196 - Search for loadable plugins [exclusion list=, ]
2026-01-04 15:01:28,943 [INFO] PluginManage:310 - Check plugin analytics
2026-01-04 15:01:29,129 [INFO] AnalyticsPlugin:253 - Accepted Software Licenses: 
2026-01-04 15:01:29,129 [INFO] AnalyticsPlugin:255 - Accepted CMSIS Pack Licenses: 
2026-01-04 15:01:29,129 [INFO] AnalyticsPlugin:257 - Accepted Firmware Licenses: FW.G0.1.6.0,FW.G4.1.6.0,FW.H7.1.12.0
2026-01-04 15:01:29,132 [INFO] PluginManage:359 - Loaded plugin analytics (category:tool,tabindex:-1)
2026-01-04 15:01:29,132 [INFO] PluginManage:310 - Check plugin cadmodel
2026-01-04 15:01:29,149 [INFO] CADModel:105 - Init CAD model plugin
2026-01-04 15:01:29,150 [INFO] PluginManage:359 - Loaded plugin cadmodel (category:power,tabindex:5)
2026-01-04 15:01:29,150 [INFO] PluginManage:310 - Check plugin clock
2026-01-04 15:01:29,170 [INFO] PluginManage:359 - Loaded plugin clock (category:base,tabindex:2)
2026-01-04 15:01:29,171 [INFO] PluginManage:310 - Check plugin ddr
2026-01-04 15:01:29,173 [INFO] PluginManage:359 - Loaded plugin ddr (category:tool,tabindex:6)
2026-01-04 15:01:29,173 [INFO] PluginManage:310 - Check plugin filemanager
2026-01-04 15:01:29,301 [INFO] PluginManage:359 - Loaded plugin filemanager (category:base,tabindex:10)
2026-01-04 15:01:29,301 [INFO] PluginManage:310 - Check plugin ipmanager
2026-01-04 15:01:29,308 [INFO] PluginManage:359 - Loaded plugin ipmanager (category:base,tabindex:5)
2026-01-04 15:01:29,308 [INFO] PluginManage:310 - Check plugin lpbam
2026-01-04 15:01:29,324 [INFO] PluginManage:359 - Loaded plugin lpbam (category:base,tabindex:0)
2026-01-04 15:01:29,325 [INFO] PluginManage:310 - Check plugin memorymap
2026-01-04 15:01:29,345 [INFO] PluginManage:359 - Loaded plugin memorymap (category:base,tabindex:4)
2026-01-04 15:01:29,345 [INFO] PluginManage:310 - Check plugin pinoutandconfiguration
2026-01-04 15:01:29,361 [INFO] PluginManage:359 - Loaded plugin pinoutandconfiguration (category:base,tabindex:1)
2026-01-04 15:01:29,362 [INFO] PluginManage:310 - Check plugin pinoutconfig
2026-01-04 15:01:29,438 [WARN] SupportedApi:132 - Cannot load RTOS API schema: s4s-elt-must-match.1: The content of 'definitions' must match (annotation?, (simpleType | complexType)?, (unique | key | keyref)*)). A problem was found starting at: attribute.
2026-01-04 15:01:29,574 [INFO] PluginManage:359 - Loaded plugin pinoutconfig (category:base,tabindex:0)
2026-01-04 15:01:29,574 [INFO] PluginManage:310 - Check plugin power
2026-01-04 15:01:29,593 [INFO] PluginManage:359 - Loaded plugin power (category:power,tabindex:4)
2026-01-04 15:01:29,593 [INFO] PluginManage:310 - Check plugin projectmanager
2026-01-04 15:01:29,608 [INFO] PluginManage:359 - Loaded plugin projectmanager (category:projectmanager,tabindex:4)
2026-01-04 15:01:29,608 [INFO] PluginManage:310 - Check plugin rif
2026-01-04 15:01:29,627 [INFO] PluginManage:359 - Loaded plugin rif (category:base,tabindex:3)
2026-01-04 15:01:29,627 [INFO] PluginManage:310 - Check plugin thirdparty
2026-01-04 15:01:29,902 [INFO] PluginManage:359 - Loaded plugin thirdparty (category:base,tabindex:-1)
2026-01-04 15:01:29,902 [WARN] IntegrityCheckThread:84 - waiting for thirdparty lock release [integrity check]
2026-01-04 15:01:29,902 [INFO] IntegrityCheckThread:86 - entering critical section [integrity check]
2026-01-04 15:01:29,902 [INFO] PluginManage:310 - Check plugin tools
2026-01-04 15:01:29,902 [INFO] ThirdPartyUpdaterWithRetryManager:70 - Updater plugin not ready yet. [1/15]
2026-01-04 15:01:29,936 [INFO] PluginManage:359 - Loaded plugin tools (category:base,tabindex:7)
2026-01-04 15:01:29,936 [INFO] PluginManage:310 - Check plugin tutovideos
2026-01-04 15:01:30,120 [INFO] PluginManage:359 - Loaded plugin tutovideos (category:base,tabindex:-1)
2026-01-04 15:01:30,120 [INFO] PluginManage:310 - Check plugin updater
2026-01-04 15:01:30,136 [INFO] PluginManage:359 - Loaded plugin updater (category:base,tabindex:12)
2026-01-04 15:01:30,137 [INFO] PluginManage:310 - Check plugin userauth
2026-01-04 15:01:30,140 [INFO] UserAuth:118 - Init User Auth plugin
2026-01-04 15:01:30,140 [INFO] PluginManage:359 - Loaded plugin userauth (category:base,tabindex:14)
2026-01-04 15:01:30,141 [INFO] PluginManage:283 - PluginManage : Loaded plugins [18]
2026-01-04 15:01:30,308 [INFO] PinOutPanel:1589 - setPackage(No Configuration,No Configuration)
2026-01-04 15:01:30,381 [INFO] CADModel:165 - CPN selected for project level
2026-01-04 15:01:30,381 [INFO] CADModel:114 - Register for checkConnection events
2026-01-04 15:01:30,407 [INFO] IPUIPlugin:80 - create IPUIPlugin
2026-01-04 15:01:30,408 [INFO] PluginManager:220 - loadIPPluginJar : add adc
2026-01-04 15:01:30,443 [INFO] IPUIPlugin:80 - create IPUIPlugin
2026-01-04 15:01:30,443 [INFO] PluginManager:220 - loadIPPluginJar : add aes
2026-01-04 15:01:30,482 [INFO] IPUIPlugin:80 - create IPUIPlugin
2026-01-04 15:01:30,483 [INFO] PluginManager:220 - loadIPPluginJar : add can
2026-01-04 15:01:30,507 [INFO] IPUIPlugin:80 - create IPUIPlugin
2026-01-04 15:01:30,507 [INFO] PluginManager:220 - loadIPPluginJar : add comp
2026-01-04 15:01:30,537 [INFO] IPUIPlugin:80 - create IPUIPlugin
2026-01-04 15:01:30,537 [INFO] PluginManager:220 - loadIPPluginJar : add cryp
2026-01-04 15:01:30,550 [INFO] IPUIPlugin:80 - create IPUIPlugin
2026-01-04 15:01:30,551 [INFO] PluginManager:220 - loadIPPluginJar : add ddr_ctrl_phy
2026-01-04 15:01:30,578 [INFO] IPUIPlugin:80 - create IPUIPlugin
2026-01-04 15:01:30,578 [INFO] PluginManager:220 - loadIPPluginJar : add dfsdm
2026-01-04 15:01:30,591 [INFO] IPUIPlugin:80 - create IPUIPlugin
2026-01-04 15:01:30,591 [INFO] PluginManager:220 - loadIPPluginJar : add dma
2026-01-04 15:01:30,625 [INFO] IPUIPlugin:80 - create IPUIPlugin
2026-01-04 15:01:30,626 [INFO] PluginManager:220 - loadIPPluginJar : add dma3
2026-01-04 15:01:30,662 [INFO] IPUIPlugin:80 - create IPUIPlugin
2026-01-04 15:01:30,662 [INFO] PluginManager:220 - loadIPPluginJar : add extmemmanager
2026-01-04 15:01:30,680 [INFO] IPUIPlugin:80 - create IPUIPlugin
2026-01-04 15:01:30,681 [INFO] PluginManager:220 - loadIPPluginJar : add fatfs
2026-01-04 15:01:30,721 [INFO] IPUIPlugin:80 - create IPUIPlugin
2026-01-04 15:01:30,722 [INFO] PluginManager:220 - loadIPPluginJar : add fmc
2026-01-04 15:01:30,737 [INFO] IPUIPlugin:80 - create IPUIPlugin
2026-01-04 15:01:30,737 [INFO] PluginManager:220 - loadIPPluginJar : add freertos
2026-01-04 15:01:30,758 [INFO] IPUIPlugin:80 - create IPUIPlugin
2026-01-04 15:01:30,758 [INFO] PluginManager:220 - loadIPPluginJar : add genericplugin
2026-01-04 15:01:30,832 [INFO] IPUIPlugin:80 - create IPUIPlugin
2026-01-04 15:01:30,832 [INFO] PluginManager:220 - loadIPPluginJar : add gfxmmu
2026-01-04 15:01:30,938 [INFO] IPUIPlugin:80 - create IPUIPlugin
2026-01-04 15:01:30,939 [INFO] PluginManager:220 - loadIPPluginJar : add gic
2026-01-04 15:01:30,953 [INFO] IPUIPlugin:80 - create IPUIPlugin
2026-01-04 15:01:30,953 [INFO] PluginManager:220 - loadIPPluginJar : add gpio
2026-01-04 15:01:31,030 [INFO] IPUIPlugin:80 - create IPUIPlugin
2026-01-04 15:01:31,030 [INFO] PluginManager:220 - loadIPPluginJar : add gtzc
2026-01-04 15:01:31,059 [INFO] IPUIPlugin:80 - create IPUIPlugin
2026-01-04 15:01:31,059 [INFO] PluginManager:220 - loadIPPluginJar : add hash
2026-01-04 15:01:31,101 [INFO] IPUIPlugin:80 - create IPUIPlugin
2026-01-04 15:01:31,102 [INFO] PluginManager:220 - loadIPPluginJar : add i2c
2026-01-04 15:01:31,137 [INFO] IPUIPlugin:80 - create IPUIPlugin
2026-01-04 15:01:31,137 [INFO] PluginManager:220 - loadIPPluginJar : add i2s
2026-01-04 15:01:31,171 [INFO] IPUIPlugin:80 - create IPUIPlugin
2026-01-04 15:01:31,171 [INFO] PluginManager:220 - loadIPPluginJar : add i3c
2026-01-04 15:01:31,250 [INFO] IPUIPlugin:80 - create IPUIPlugin
2026-01-04 15:01:31,250 [INFO] PluginManager:220 - loadIPPluginJar : add ipddr
2026-01-04 15:01:31,334 [INFO] IPUIPlugin:80 - create IPUIPlugin
2026-01-04 15:01:31,334 [INFO] PluginManager:220 - loadIPPluginJar : add linkedlist
2026-01-04 15:01:31,366 [INFO] IPUIPlugin:80 - create IPUIPlugin
2026-01-04 15:01:31,366 [INFO] PluginManager:220 - loadIPPluginJar : add lorawan
2026-01-04 15:01:31,397 [INFO] IPUIPlugin:80 - create IPUIPlugin
2026-01-04 15:01:31,398 [INFO] PluginManager:220 - loadIPPluginJar : add ltdc
2026-01-04 15:01:31,411 [INFO] IPUIPlugin:80 - create IPUIPlugin
2026-01-04 15:01:31,411 [INFO] PluginManager:220 - loadIPPluginJar : add mdma
2026-01-04 15:01:31,424 [INFO] IPUIPlugin:80 - create IPUIPlugin
2026-01-04 15:01:31,424 [INFO] PluginManager:220 - loadIPPluginJar : add nvic
2026-01-04 15:01:31,458 [INFO] IPUIPlugin:80 - create IPUIPlugin
2026-01-04 15:01:31,458 [INFO] PluginManager:220 - loadIPPluginJar : add opamp
2026-01-04 15:01:31,510 [INFO] IPUIPlugin:80 - create IPUIPlugin
2026-01-04 15:01:31,510 [INFO] PluginManager:220 - loadIPPluginJar : add openamp
2026-01-04 15:01:31,550 [INFO] IPUIPlugin:80 - create IPUIPlugin
2026-01-04 15:01:31,550 [INFO] PluginManager:220 - loadIPPluginJar : add pdm2pcm
2026-01-04 15:01:31,563 [INFO] IPUIPlugin:80 - create IPUIPlugin
2026-01-04 15:01:31,565 [INFO] PluginManager:220 - loadIPPluginJar : add plateformsettings
2026-01-04 15:01:31,590 [INFO] IPUIPlugin:80 - create IPUIPlugin
2026-01-04 15:01:31,590 [INFO] PluginManager:220 - loadIPPluginJar : add quadspi
2026-01-04 15:01:31,618 [INFO] IPUIPlugin:80 - create IPUIPlugin
2026-01-04 15:01:31,619 [INFO] PluginManager:220 - loadIPPluginJar : add radio
2026-01-04 15:01:31,632 [INFO] IPUIPlugin:80 - create IPUIPlugin
2026-01-04 15:01:31,633 [INFO] PluginManager:220 - loadIPPluginJar : add resmgrutility
2026-01-04 15:01:31,678 [INFO] IPUIPlugin:80 - create IPUIPlugin
2026-01-04 15:01:31,678 [INFO] PluginManager:220 - loadIPPluginJar : add sai
2026-01-04 15:01:31,718 [INFO] IPUIPlugin:80 - create IPUIPlugin
2026-01-04 15:01:31,719 [INFO] PluginManager:220 - loadIPPluginJar : add spi
2026-01-04 15:01:31,793 [INFO] IPUIPlugin:80 - create IPUIPlugin
2026-01-04 15:01:31,793 [INFO] PluginManager:220 - loadIPPluginJar : add stm32_wpan
2026-01-04 15:01:31,826 [INFO] IPUIPlugin:80 - create IPUIPlugin
2026-01-04 15:01:31,827 [INFO] PluginManager:220 - loadIPPluginJar : add tim
2026-01-04 15:01:31,883 [INFO] IPUIPlugin:80 - create IPUIPlugin
2026-01-04 15:01:31,883 [INFO] PluginManager:220 - loadIPPluginJar : add touchsensing
2026-01-04 15:01:31,905 [INFO] IPUIPlugin:80 - create IPUIPlugin
2026-01-04 15:01:31,905 [INFO] PluginManager:220 - loadIPPluginJar : add tracer_emb
2026-01-04 15:01:31,928 [INFO] IPUIPlugin:80 - create IPUIPlugin
2026-01-04 15:01:31,928 [INFO] PluginManager:220 - loadIPPluginJar : add ts
2026-01-04 15:01:31,950 [INFO] IPUIPlugin:80 - create IPUIPlugin
2026-01-04 15:01:31,951 [INFO] PluginManager:220 - loadIPPluginJar : add tsc
2026-01-04 15:01:31,972 [INFO] IPUIPlugin:80 - create IPUIPlugin
2026-01-04 15:01:31,973 [INFO] PluginManager:220 - loadIPPluginJar : add ucpd
2026-01-04 15:01:32,008 [INFO] IPUIPlugin:80 - create IPUIPlugin
2026-01-04 15:01:32,008 [INFO] PluginManager:220 - loadIPPluginJar : add usart
2026-01-04 15:01:32,045 [INFO] IPUIPlugin:80 - create IPUIPlugin
2026-01-04 15:01:32,045 [INFO] PluginManager:220 - loadIPPluginJar : add usbx
2026-01-04 15:01:32,159 [FATAL] Updater:351 - Updater called before beeing initialized
2026-01-04 15:01:32,183 [INFO] RulesReader:64 - Compatibility file has been processed (317 Rules)
2026-01-04 15:01:32,196 [INFO] RulesReader:64 - Compatibility file has been processed (317 Rules)
2026-01-04 15:01:32,206 [INFO] CADModel:165 - CPN selected for project level
2026-01-04 15:01:32,206 [INFO] CADModel:114 - Register for checkConnection events
2026-01-04 15:01:32,206 [FATAL] Updater:351 - Updater called before beeing initialized
2026-01-04 15:01:32,206 [ERROR] CADModel:125 - Updater not yet initialized, retry later 
2026-01-04 15:01:32,333 [FATAL] Updater:351 - Updater called before beeing initialized
2026-01-04 15:01:32,334 [INFO] CADModel:165 - CPN selected for project level
2026-01-04 15:01:32,335 [INFO] CADModel:114 - Register for checkConnection events
2026-01-04 15:01:32,335 [FATAL] Updater:351 - Updater called before beeing initialized
2026-01-04 15:01:32,335 [ERROR] CADModel:125 - Updater not yet initialized, retry later 
2026-01-04 15:01:32,338 [FATAL] Updater:351 - Updater called before beeing initialized
2026-01-04 15:01:32,421 [FATAL] Updater:351 - Updater called before beeing initialized
2026-01-04 15:01:32,432 [INFO] DbMcusAds:53 - JSON generation date=Tue Dec 16 00:11:46 CET 2025 (1765840306612)
2026-01-04 15:01:32,433 [FATAL] Updater:351 - Updater called before beeing initialized
2026-01-04 15:01:32,463 [WARN] DetailPanel:346 - Failed to get advertising image, set to default
2026-01-04 15:01:32,528 [FATAL] Updater:351 - Updater called before beeing initialized
2026-01-04 15:01:32,531 [FATAL] Updater:351 - Updater called before beeing initialized
2026-01-04 15:01:32,531 [FATAL] Updater:351 - Updater called before beeing initialized
2026-01-04 15:01:32,531 [WARN] DetailPanel:346 - Failed to get advertising image, set to default
2026-01-04 15:01:32,531 [FATAL] Updater:351 - Updater called before beeing initialized
2026-01-04 15:01:32,580 [ERROR] Updater:1198 - MainUpdater not yet initialized. External WinMGr cannot be set.
2026-01-04 15:01:32,590 [INFO] Updater:1134 - Updater Version found : 6.15.0
2026-01-04 15:01:32,605 [INFO] ApplicationProperties:184 - Using Application install path: C:\ST\STM32CubeIDE_1.19.0\STM32CubeIDE\plugins\com.st.stm32cube.common.mx_6.15.0.202507011659
2026-01-04 15:01:32,904 [INFO] ThirdPartyUpdaterWithRetryManager:70 - Updater plugin not ready yet. [2/15]
2026-01-04 15:01:34,187 [ERROR] LogOutputStream:75 - [STDERR_REDIRECT] Jan 04, 2026 3:01:34 PM java.util.prefs.WindowsPreferences <init>
2026-01-04 15:01:34,188 [ERROR] LogOutputStream:75 - [STDERR_REDIRECT] WARNING: Could not open/create prefs root node Software\JavaSoft\Prefs at root 0xffffffff80000002. Windows RegCreateKeyEx(...) returned error code 5.
2026-01-04 15:01:34,189 [ERROR] LogOutputStream:75 - [STDERR_REDIRECT] 
2026-01-04 15:01:34,663 [INFO] MainUpdater:2872 - connection check result : 10
2026-01-04 15:01:34,663 [INFO] MainUpdater:3604 - Updater definition file requires update
2026-01-04 15:01:34,664 [INFO] MainUpdater:289 - Updater Check For Update Now.
2026-01-04 15:01:34,664 [INFO] MicroXplorer:498 - Change Database Version : DB.6.0.150
2026-01-04 15:01:34,681 [INFO] McuFinderGlobals:63 - Set McuFinder mode to 2 (CubeIDE integrated)
2026-01-04 15:01:34,688 [INFO] UserAuth:487 - Internet connection configuration mode: 1
2026-01-04 15:01:34,715 [INFO] ServerAccessManage:452 - Complete download http(s) 200
2026-01-04 15:01:34,716 [INFO] ServerAccessManage:509 - Download File updaters.zip
2026-01-04 15:01:34,718 [INFO] JxBrowserEngine:152 - Initiate JxBrowser Engine with user profile folder
2026-01-04 15:01:34,893 [INFO] FileExtend:248 - Unzip File : updaters.zip
2026-01-04 15:01:34,893 [INFO] FileExtend:263 - Standard Zip Deflate
2026-01-04 15:01:35,804 [INFO] ServerAccessManage:452 - Complete download http(s) 200
2026-01-04 15:01:35,804 [INFO] ServerAccessManage:509 - Download File PacksControlFlags.xml
2026-01-04 15:01:35,905 [WARN] MainUpdater:1193 - Updater busy. Cannot search thirdparties
2026-01-04 15:01:35,905 [INFO] ThirdPartyUpdaterWithRetryManager:96 - Updater plugin is busy. [1/15]
2026-01-04 15:01:36,295 [INFO] WebApp:169 - Instantiating new browser for Auth
2026-01-04 15:01:36,301 [INFO] ServerAccessManage:452 - Complete download http(s) 200
2026-01-04 15:01:36,302 [INFO] ServerAccessManage:509 - Download File cubemx.pidx
2026-01-04 15:01:36,413 [INFO] LoadServerUpdatesThread:375 - End of LoadServerUpdate Thread
2026-01-04 15:01:36,573 [INFO] CheckServerUpdateThread:120 - End of CheckServer Thread
2026-01-04 15:01:37,028 [INFO] WebApp:463 - Apply proxy settings
2026-01-04 15:01:37,028 [INFO] WebApp:548 - Chromium requires no authentication
2026-01-04 15:01:37,036 [INFO] WebApp:491 - Direct internet connection detected
2026-01-04 15:01:37,056 [INFO] WebApp:900 - Register for checkConnection events
2026-01-04 15:01:37,057 [INFO] WebApp:463 - Apply proxy settings
2026-01-04 15:01:37,057 [INFO] WebApp:548 - Chromium requires no authentication
2026-01-04 15:01:37,057 [INFO] WebApp:491 - Direct internet connection detected
2026-01-04 15:01:37,196 [INFO] WebApp:225 - Starting web application
2026-01-04 15:01:37,196 [INFO] WebApp:593 - Web application path used C:\ST\STM32CubeIDE_1.19.0\STM32CubeIDE\plugins\com.st.stm32cube.common.mx_6.15.0.202507011659\db\plugins\mcufinder\reactClient1\index.html
2026-01-04 15:01:37,280 [INFO] WebApp:191 - Connection restablished
2026-01-04 15:01:37,377 [INFO] UserAuth:487 - Internet connection configuration mode: 1
2026-01-04 15:01:39,115 [WARN] PackLoader:240 - Cannot read IP mode file for STMicroelectronics.FP-SNS-MOTENVWB1.1.4.0
2026-01-04 15:01:39,134 [WARN] PackLoader:240 - Cannot read IP mode file for STMicroelectronics.FP-ATR-ASTRA1.2.0.2
2026-01-04 15:01:39,148 [WARN] PackLoader:240 - Cannot read IP mode file for STMicroelectronics.FP-ATR-ASTRA1.2.0.1
2026-01-04 15:01:39,166 [WARN] PackLoader:240 - Cannot read IP mode file for STMicroelectronics.X-CUBE-SMBUS.2.1.0
2026-01-04 15:01:39,181 [WARN] PackLoader:240 - Cannot read IP mode file for STMicroelectronics.X-CUBE-WB05N.1.1.0
2026-01-04 15:01:39,195 [WARN] PackLoader:240 - Cannot read IP mode file for STMicroelectronics.X-CUBE-ST60.1.0.0
2026-01-04 15:01:39,228 [WARN] PackLoader:240 - Cannot read IP mode file for STMicroelectronics.X-CUBE-AZRTOS-F7.1.1.0
2026-01-04 15:01:39,246 [WARN] PackLoader:240 - Cannot read IP mode file for STMicroelectronics.FP-SNS-MOTENV1.5.1.0
2026-01-04 15:01:39,267 [WARN] PackLoader:240 - Cannot read IP mode file for WES.I-CUBE-Cesium.1.4.0
2026-01-04 15:01:39,281 [WARN] PackLoader:240 - Cannot read IP mode file for STMicroelectronics.FP-SNS-FLIGHT1.5.0.2
2026-01-04 15:01:39,311 [WARN] PackLoader:240 - Cannot read IP mode file for Infineon.AIROC-Wi-Fi-Bluetooth-STM32.1.7.0
2026-01-04 15:01:39,343 [WARN] PackLoader:240 - Cannot read IP mode file for STMicroelectronics.X-CUBE-AZRTOS-H7.3.4.0
2026-01-04 15:01:39,362 [WARN] PackLoader:240 - Cannot read IP mode file for STMicroelectronics.X-CUBE-DISPLAY.3.0.0
2026-01-04 15:01:39,378 [WARN] PackLoader:240 - Cannot read IP mode file for STMicroelectronics.X-CUBE-BLE1.7.0.0
2026-01-04 15:01:39,395 [WARN] PackLoader:240 - Cannot read IP mode file for STMicroelectronics.X-CUBE-NFC10.1.0.0
2026-01-04 15:01:39,412 [WARN] PackLoader:240 - Cannot read IP mode file for STMicroelectronics.X-CUBE-BLEMGR.4.0.0
2026-01-04 15:01:39,428 [WARN] PackLoader:240 - Cannot read IP mode file for STMicroelectronics.X-CUBE-ST60.1.1.0
2026-01-04 15:01:39,443 [WARN] PackLoader:240 - Cannot read IP mode file for emotas.I-CUBE-CANOPEN.1.3.0
2026-01-04 15:01:39,458 [WARN] PackLoader:240 - Cannot read IP mode file for STMicroelectronics.X-CUBE-GNSS1.7.1.0
2026-01-04 15:01:39,474 [WARN] PackLoader:240 - Cannot read IP mode file for STMicroelectronics.X-CUBE-AI.10.0.0
2026-01-04 15:01:39,489 [WARN] PackLoader:240 - Cannot read IP mode file for STMicroelectronics.FP-SNS-STBOX1.2.1.0
2026-01-04 15:01:39,504 [WARN] PackLoader:240 - Cannot read IP mode file for STMicroelectronics.FP-SNS-SMARTAG2.1.2.0
2026-01-04 15:01:39,517 [WARN] PackLoader:240 - Cannot read IP mode file for STMicroelectronics.FP-SNS-FLIGHT1.5.1.0
2026-01-04 15:01:39,557 [WARN] PackLoader:240 - Cannot read IP mode file for STMicroelectronics.X-CUBE-MEMS1.11.1.0
2026-01-04 15:01:39,636 [INFO] LogOutputStream:77 - [STDOUT_REDIRECT] 1 : Invalid condition id : UX_CORESTACK_Condition cause : null
2026-01-04 15:01:39,637 [INFO] LogOutputStream:77 - [STDOUT_REDIRECT] 1 : Invalid condition id : UX_CORESTACK_Condition cause : null
2026-01-04 15:01:39,638 [INFO] LogOutputStream:77 - [STDOUT_REDIRECT] 1 : Invalid condition id : UX_CORESTACK_Condition cause : null
2026-01-04 15:01:39,639 [INFO] LogOutputStream:77 - [STDOUT_REDIRECT] 1 : Invalid condition id : UX_CORESTACK_Condition cause : null
2026-01-04 15:01:39,639 [INFO] LogOutputStream:77 - [STDOUT_REDIRECT] 1 : Invalid condition id : UX_CORESTACK_Condition cause : null
2026-01-04 15:01:39,641 [WARN] PackLoader:240 - Cannot read IP mode file for STMicroelectronics.X-CUBE-AZRTOS-WL.2.0.0
2026-01-04 15:01:39,655 [WARN] PackLoader:240 - Cannot read IP mode file for STMicroelectronics.FP-SNS-MOTENV1.5.0.0
2026-01-04 15:01:39,683 [WARN] PackLoader:240 - Cannot read IP mode file for STMicroelectronics.X-CUBE-AZRTOS-H7RS.1.2.0
2026-01-04 15:01:39,703 [WARN] PackLoader:240 - Cannot read IP mode file for wolfSSL.I-CUBE-wolfMQTT.1.19.0
2026-01-04 15:01:39,718 [WARN] PackLoader:240 - Cannot read IP mode file for WES.I-CUBE-Cesium.1.3.0
2026-01-04 15:01:39,731 [WARN] PackLoader:240 - Cannot read IP mode file for STMicroelectronics.X-CUBE-BLE2.3.3.0
2026-01-04 15:01:39,755 [INFO] LogOutputStream:77 - [STDOUT_REDIRECT] [ThirdParty] unknown protocol: c
2026-01-04 15:01:39,756 [WARN] PackLoader:240 - Cannot read IP mode file for Avnet-IOTCONNECT.X-CUBE-iotc-st67-sdk.1.0.0
2026-01-04 15:01:39,778 [WARN] PackLoader:240 - Cannot read IP mode file for Infineon.AIROC-Wi-Fi-Bluetooth-STM32.1.8.0
2026-01-04 15:01:39,796 [WARN] PackLoader:240 - Cannot read IP mode file for STMicroelectronics.X-CUBE-NFC9.1.0.0
2026-01-04 15:01:39,812 [WARN] PackLoader:240 - Cannot read IP mode file for STMicroelectronics.X-CUBE-BLE1.7.1.0
2026-01-04 15:01:39,824 [WARN] PackLoader:240 - Cannot read IP mode file for wolfSSL.I-CUBE-wolfMQTT.1.19.2
2026-01-04 15:01:39,839 [WARN] PackLoader:240 - Cannot read IP mode file for STMicroelectronics.X-CUBE-FREERTOS.1.4.0
2026-01-04 15:01:39,855 [WARN] PackLoader:240 - Cannot read IP mode file for STMicroelectronics.X-CUBE-EEPRMA1.5.2.0
2026-01-04 15:01:39,870 [WARN] PackLoader:240 - Cannot read IP mode file for wolfSSL.I-CUBE-wolfSSL.5.8.4
2026-01-04 15:01:39,886 [WARN] PackLoader:240 - Cannot read IP mode file for Cesanta.I-CUBE-Mongoose.7.20.0
2026-01-04 15:01:39,902 [WARN] PackLoader:240 - Cannot read IP mode file for STMicroelectronics.X-CUBE-ST67W61.1.1.0
2026-01-04 15:01:39,939 [WARN] PackLoader:240 - Cannot read IP mode file for STMicroelectronics.X-CUBE-MEMS1.12.0.0
2026-01-04 15:01:39,999 [WARN] PackLoader:240 - Cannot read IP mode file for STMicroelectronics.X-CUBE-AZRTOS-G0.1.1.0
2026-01-04 15:01:40,017 [WARN] PackLoader:240 - Cannot read IP mode file for STMicroelectronics.X-CUBE-SAFEA1.1.2.2
2026-01-04 15:01:40,033 [WARN] PackLoader:240 - Cannot read IP mode file for STMicroelectronics.X-CUBE-NFC4.3.0.0
2026-01-04 15:01:40,051 [WARN] PackLoader:240 - Cannot read IP mode file for EmbeddedOffice.I-CUBE-FS-RTOS.1.0.1
2026-01-04 15:01:40,067 [WARN] PackLoader:240 - Cannot read IP mode file for STMicroelectronics.X-CUBE-WB05N.2.0.0
2026-01-04 15:01:40,082 [WARN] PackLoader:240 - Cannot read IP mode file for wolfSSL.I-CUBE-wolfTPM.3.8.0
2026-01-04 15:01:40,097 [WARN] PackLoader:240 - Cannot read IP mode file for STMicroelectronics.X-CUBE-TCPP.4.2.0
2026-01-04 15:01:40,112 [WARN] PackLoader:240 - Cannot read IP mode file for RealThread.X-CUBE-RT-Thread_Nano.4.1.1
2026-01-04 15:01:40,126 [WARN] PackLoader:240 - Cannot read IP mode file for STMicroelectronics.FP-ATR-SIGFOX1.3.2.0
2026-01-04 15:01:40,140 [WARN] ConditionMgr:438 - getConditionDescription Invalid condition id : Cortex-A Device cause : null
2026-01-04 15:01:40,146 [INFO] LogOutputStream:77 - [STDOUT_REDIRECT] [ThirdParty] unknown protocol: c
2026-01-04 15:01:40,146 [WARN] PackLoader:240 - Cannot read IP mode file for quantropi.X-CUBE-qispace-sdk-base.1.9.3
2026-01-04 15:01:40,146 [WARN] ConditionMgr:1044 - genDependencies : Invalid condition id : Cortex-A Device cause : null
2026-01-04 15:01:40,146 [WARN] ConditionMgr:1044 - genDependencies : Invalid condition id : Cortex-A Device cause : null
2026-01-04 15:01:40,146 [WARN] ConditionMgr:1044 - genDependencies : Invalid condition id : Cortex-A Device cause : null
2026-01-04 15:01:40,160 [WARN] PackLoader:240 - Cannot read IP mode file for STMicroelectronics.X-CUBE-EEPRMA1.5.1.0
2026-01-04 15:01:40,173 [WARN] PackLoader:240 - Cannot read IP mode file for wolfSSL.I-CUBE-wolfSSL.5.7.6
2026-01-04 15:01:40,187 [WARN] PackLoader:240 - Cannot read IP mode file for ITTIA_DB.I-CUBE-ITTIADB.8.9.0
2026-01-04 15:01:40,203 [WARN] PackLoader:240 - Cannot read IP mode file for STMicroelectronics.X-CUBE-ST67W61.1.0.0
2026-01-04 15:01:40,216 [WARN] PackLoader:240 - Cannot read IP mode file for STMicroelectronics.X-CUBE-AI.10.2.0
2026-01-04 15:01:40,249 [WARN] PackLoader:240 - Cannot read IP mode file for SEGGER.I-CUBE-embOS.1.3.1
2026-01-04 15:01:40,276 [WARN] PackLoader:240 - Cannot read IP mode file for STMicroelectronics.X-CUBE-ALGOBUILD.1.4.0
2026-01-04 15:01:40,315 [WARN] PackLoader:240 - Cannot read IP mode file for STMicroelectronics.X-CUBE-MEMS1.11.3.0
2026-01-04 15:01:40,373 [WARN] PackLoader:240 - Cannot read IP mode file for STMicroelectronics.X-CUBE-PM33A1.1.0.0
2026-01-04 15:01:40,399 [WARN] PackLoader:240 - Cannot read IP mode file for STMicroelectronics.X-CUBE-AZRTOS-F4.1.1.0
2026-01-04 15:01:40,416 [WARN] PackLoader:240 - Cannot read IP mode file for STMicroelectronics.X-CUBE-ISPU.2.1.0
2026-01-04 15:01:40,435 [WARN] PackLoader:240 - Cannot read IP mode file for STMicroelectronics.X-CUBE-IPS.3.2.0
2026-01-04 15:01:40,454 [WARN] PackLoader:240 - Cannot read IP mode file for STMicroelectronics.X-CUBE-NFC12.1.0.0
2026-01-04 15:01:40,479 [WARN] PackLoader:240 - Cannot read IP mode file for STMicroelectronics.X-CUBE-AZRTOS-L5.2.0.0
2026-01-04 15:01:40,498 [WARN] PackLoader:240 - Cannot read IP mode file for STMicroelectronics.X-CUBE-NFC6.3.1.0
2026-01-04 15:01:40,514 [WARN] PackLoader:240 - Cannot read IP mode file for STMicroelectronics.X-CUBE-DPower.1.2.0
2026-01-04 15:01:40,528 [WARN] PackLoader:240 - Cannot read IP mode file for STMicroelectronics.X-CUBE-FREERTOS.1.3.1
2026-01-04 15:01:40,543 [WARN] PackLoader:240 - Cannot read IP mode file for STMicroelectronics.X-CUBE-FREERTOS.1.3.0
2026-01-04 15:01:40,558 [WARN] PackLoader:240 - Cannot read IP mode file for STMicroelectronics.X-CUBE-NFC7.1.0.1
2026-01-04 15:01:40,574 [WARN] PackLoader:240 - Cannot read IP mode file for STMicroelectronics.X-CUBE-TOUCHGFX.4.26.0
2026-01-04 15:01:40,590 [WARN] PackLoader:240 - Cannot read IP mode file for STMicroelectronics.FP-SNS-STAIOTCFT.1.0.0
2026-01-04 15:01:40,603 [WARN] PackLoader:240 - Cannot read IP mode file for STMicroelectronics.X-CUBE-DPower.1.3.0
2026-01-04 15:01:40,627 [WARN] ConditionMgr:438 - getConditionDescription Invalid condition id : LAN8742 Phy interface Condition cause : null
2026-01-04 15:01:40,627 [WARN] PackLoader:240 - Cannot read IP mode file for STMicroelectronics.X-CUBE-AZRTOS-L4.2.0.0
2026-01-04 15:01:40,628 [WARN] ConditionMgr:1044 - genDependencies : Invalid condition id : LAN8742 Phy interface Condition cause : null
2026-01-04 15:01:40,628 [WARN] ConditionMgr:1044 - genDependencies : Invalid condition id : LAN8742 Phy interface Condition cause : null
2026-01-04 15:01:40,628 [WARN] ConditionMgr:1044 - genDependencies : Invalid condition id : LAN8742 Phy interface Condition cause : null
2026-01-04 15:01:40,647 [WARN] PackLoader:240 - Cannot read IP mode file for STMicroelectronics.X-CUBE-SFXS2LP1.4.0.0
2026-01-04 15:01:40,670 [WARN] PackLoader:240 - Cannot read IP mode file for STMicroelectronics.X-CUBE-AZRTOS-H7.3.3.0
2026-01-04 15:01:40,688 [WARN] PackLoader:240 - Cannot read IP mode file for STMicroelectronics.X-CUBE-BLEMGR.4.1.0
2026-01-04 15:01:40,711 [WARN] ConditionMgr:438 - getConditionDescription Invalid condition id : UX DEVICE CLASS RTOS Condition cause : null
2026-01-04 15:01:40,711 [WARN] ConditionMgr:438 - getConditionDescription Invalid condition id : UX DEVICE CLASS RTOS Condition cause : null
2026-01-04 15:01:40,713 [WARN] PackLoader:240 - Cannot read IP mode file for STMicroelectronics.X-CUBE-AZRTOS-WB.2.0.0
2026-01-04 15:01:40,713 [WARN] ConditionMgr:1044 - genDependencies : Invalid condition id : UX DEVICE CLASS RTOS Condition cause : null
2026-01-04 15:01:40,713 [WARN] ConditionMgr:1044 - genDependencies : Invalid condition id : UX DEVICE CLASS RTOS Condition cause : null
2026-01-04 15:01:40,713 [WARN] ConditionMgr:1044 - genDependencies : Invalid condition id : UX DEVICE CLASS RTOS Condition cause : null
2026-01-04 15:01:40,713 [WARN] ConditionMgr:1044 - genDependencies : Invalid condition id : UX DEVICE CLASS RTOS Condition cause : null
2026-01-04 15:01:40,713 [WARN] ConditionMgr:1044 - genDependencies : Invalid condition id : UX DEVICE CLASS RTOS Condition cause : null
2026-01-04 15:01:40,728 [WARN] PackLoader:240 - Cannot read IP mode file for STMicroelectronics.X-CUBE-GNSS1.7.0.1
2026-01-04 15:01:40,744 [WARN] PackLoader:240 - Cannot read IP mode file for STMicroelectronics.FP-SNS-STBOX1.2.0.0
2026-01-04 15:01:40,759 [WARN] ConditionMgr:438 - getConditionDescription Invalid condition id : Cortex-A Device cause : null
2026-01-04 15:01:40,765 [INFO] LogOutputStream:77 - [STDOUT_REDIRECT] [ThirdParty] unknown protocol: c
2026-01-04 15:01:40,765 [WARN] PackLoader:240 - Cannot read IP mode file for quantropi.X-CUBE-qispace-sdk-base.2.1.0
2026-01-04 15:01:40,765 [WARN] ConditionMgr:1044 - genDependencies : Invalid condition id : Cortex-A Device cause : null
2026-01-04 15:01:40,766 [WARN] ConditionMgr:1044 - genDependencies : Invalid condition id : Cortex-A Device cause : null
2026-01-04 15:01:40,766 [WARN] ConditionMgr:1044 - genDependencies : Invalid condition id : Cortex-A Device cause : null
2026-01-04 15:01:40,783 [WARN] PackLoader:240 - Cannot read IP mode file for STMicroelectronics.X-CUBE-SUBG2.5.0.0
2026-01-04 15:01:40,812 [WARN] PackLoader:240 - Cannot read IP mode file for STMicroelectronics.X-CUBE-AZRTOS-H7RS.1.1.0
2026-01-04 15:01:40,828 [WARN] PackLoader:240 - Cannot read IP mode file for Cesanta.I-CUBE-Mongoose.7.13.0
2026-01-04 15:01:40,849 [WARN] PackLoader:240 - Cannot read IP mode file for STMicroelectronics.X-CUBE-AZRTOS-G4.2.0.0
2026-01-04 15:01:40,863 [WARN] PackLoader:240 - Cannot read IP mode file for wolfSSL.I-CUBE-wolfSSH.1.4.20
2026-01-04 15:01:40,875 [WARN] PackLoader:240 - Cannot read IP mode file for STMicroelectronics.X-CUBE-NFC7.2.0.0
2026-01-04 15:01:40,893 [WARN] PackLoader:240 - Cannot read IP mode file for STMicroelectronics.X-CUBE-IPS.3.1.0
2026-01-04 15:01:40,915 [WARN] PackLoader:240 - Cannot read IP mode file for STMicroelectronics.X-CUBE-ALS.1.0.2
2026-01-04 15:01:40,929 [WARN] PackLoader:240 - Cannot read IP mode file for STMicroelectronics.X-CUBE-TOUCHGFX.4.24.2
2026-01-04 15:01:40,943 [WARN] PackLoader:240 - Cannot read IP mode file for STMicroelectronics.X-CUBE-STSE01.1.0.0
2026-01-04 15:01:40,955 [WARN] PackLoader:240 - Cannot read IP mode file for wolfSSL.I-CUBE-wolfTPM.3.4.0
2026-01-04 15:01:40,968 [WARN] PackLoader:240 - Cannot read IP mode file for portGmbH.I-Cube-SoM-uGOAL.1.1.0
2026-01-04 15:01:40,989 [WARN] PackLoader:240 - Cannot read IP mode file for STMicroelectronics.X-CUBE-AZRTOS-H7RS.1.0.0
2026-01-04 15:01:41,005 [WARN] PackLoader:240 - Cannot read IP mode file for STMicroelectronics.X-CUBE-TOF1.3.4.2
2026-01-04 15:01:41,024 [WARN] PackLoader:240 - Cannot read IP mode file for STMicroelectronics.X-CUBE-TOF1.3.4.3
2026-01-04 15:01:41,042 [WARN] PackLoader:240 - Cannot read IP mode file for wolfSSL.I-CUBE-wolfSSH.1.4.17
2026-01-04 15:01:41,042 [INFO] ThirdParty:978 - Integrity check success = true
2026-01-04 15:01:41,042 [INFO] IntegrityCheckThread:100 - exiting critical section [integrity check]
2026-01-04 15:01:41,042 [INFO] IntegrityCheckThread:103 - End integrity checks thread
2026-01-04 15:36:41,321 [ERROR] LogOutputStream:75 - [STDERR_REDIRECT] 
2026-01-04 15:36:41,323 [ERROR] LogOutputStream:75 - [STDERR_REDIRECT] 
