../Core/Src/main.c:104:6:HAL_DFSDM_FilterRegConvHalfCpltCallback	2
../Core/Src/main.c:118:6:HAL_DFSDM_FilterRegConvCpltCallback	2
../Core/Src/main.c:132:6:HAL_DAC_ConvHalfCpltCallbackCh1	1
../Core/Src/main.c:145:6:HAL_DAC_ConvCpltCallbackCh1	1
../Core/Src/main.c:158:5:main	1
../Core/Src/main.c:210:6:SystemClock_Config	4
../Core/Src/main.c:270:13:MX_DAC1_Init	3
../Core/Src/main.c:313:13:MX_DFSDM1_Init	7
../Core/Src/main.c:398:13:MX_TIM6_Init	3
../Core/Src/main.c:434:13:MX_DMA_Init	1
../Core/Src/main.c:458:13:MX_GPIO_Init	1
../Core/Src/main.c:482:6:Audio_AppInit	4
../Core/Src/main.c:532:13:ConvertBlockToFloat	2
../Core/Src/main.c:548:13:ProcessBlock	4
../Core/Src/main.c:582:6:Audio_ProcessLoop	5
../Core/Src/main.c:615:6:Error_Handler	1
