../Core/Src/main.c:99:6:HAL_DFSDM_FilterRegConvHalfCpltCallback	16	static
../Core/Src/main.c:106:6:HAL_DFSDM_FilterRegConvCpltCallback	16	static
../Core/Src/main.c:118:5:main	8	static
../Core/Src/main.c:187:6:SystemClock_Config	120	static
../Core/Src/main.c:238:13:MX_DAC1_Init	48	static
../Core/Src/main.c:281:13:MX_DFSDM1_Init	8	static
../Core/Src/main.c:364:13:MX_DMA_Init	16	static
../Core/Src/main.c:388:13:MX_GPIO_Init	24	static
../Core/Src/main.c:405:6:Audio_AppInit	24	static
../Core/Src/main.c:435:13:ConvertBlockToFloat	32	static
../Core/Src/main.c:443:13:ProcessBlock	48	static
../Core/Src/main.c:472:6:Audio_ProcessLoop	8	static
../Core/Src/main.c:503:6:Error_Handler	4	static,ignoring_inline_asm
